/streams/BPW1/ stream1_backend
/streams4k/BPW1/ stream1_backend
/streams/BDGF2/ stream1_backend
/streams4k/BDGF2/ stream1_backend
/streams/GRMKA/ stream1_backend
/streams4k/GRMKA/ stream1_backend
/streams/LVGPZ/ stream1_backend
/streams4k/LVGPZ/ stream1_backend
/streams/NSN1/ stream1_backend
/streams4k/NSN1/ stream1_backend
/streams/PT1MB/ stream1_backend
/streams4k/PT1MB/ stream1_backend
/streams/PT9BA/ stream1_backend
/streams4k/PT9BA/ stream1_backend
/streams/STNG/ stream1_backend
/streams4k/STNG/ stream1_backend
/streams/WTR1/ stream1_backend
/streams4k/WTR1/ stream1_backend
/streams/BPW2/ stream2_backend
/streams4k/BPW2/ stream2_backend
/streams/CTWK1/ stream2_backend
/streams4k/CTWK1/ stream2_backend
/streams/GRMKB/ stream2_backend
/streams4k/GRMKB/ stream2_backend
/streams/MTTLA/ stream2_backend
/streams4k/MTTLA/ stream2_backend
/streams/NSN2/ stream2_backend
/streams4k/NSN2/ stream2_backend
/streams/PT2K/ stream2_backend
/streams4k/PT2K/ stream2_backend
/streams/PT9BB/ stream2_backend
/streams4k/PT9BB/ stream2_backend
/streams/SPCT1/ stream2_backend
/streams4k/SPCT1/ stream2_backend
/streams/WTR2/ stream2_backend
/streams4k/WTR2/ stream2_backend
/streams/BVHLA/ stream3_backend
/streams4k/BVHLA/ stream3_backend
/streams/CTWK2/ stream3_backend
/streams4k/CTWK2/ stream3_backend
/streams/HLJA/ stream3_backend
/streams4k/HLJA/ stream3_backend
/streams/MTTLB/ stream3_backend
/streams4k/MTTLB/ stream3_backend
/streams/PRDSA/ stream3_backend
/streams4k/PRDSA/ stream3_backend
/streams/PT2M/ stream3_backend
/streams4k/PT2M/ stream3_backend
/streams/PRS1/ stream3_backend
/streams4k/PRS1/ stream3_backend
/streams/SPCT2/ stream3_backend
/streams4k/SPCT2/ stream3_backend
/streams4k/PTZCTWK/ stream3_backend
/streams/BVHLB/ stream4_backend
/streams4k/BVHLB/ stream4_backend
/streams/ENVR/ stream4_backend
/streams4k/ENVR/ stream4_backend
/streams/HLJB/ stream4_backend
/streams4k/HLJB/ stream4_backend
/streams/MVLD1/ stream4_backend
/streams4k/MVLD1/ stream4_backend
/streams/PRDSB/ stream4_backend
/streams4k/PRDSB/ stream4_backend
/streams/PT7K/ stream4_backend
/streams4k/PT7K/ stream4_backend
/streams/PRS2/ stream4_backend
/streams4k/PRS2/ stream4_backend
/streams/SPCT3/ stream4_backend
/streams4k/SPCT3/ stream4_backend
/streams4k/PCCTWK/ stream4_backend
/streams/BWWA/ stream5_backend
/streams4k/BWWA/ stream5_backend
/streams/GRDN1/ stream5_backend
/streams4k/GRDN1/ stream5_backend
/streams/JBKXVI/ stream5_backend
/streams4k/JBKXVI/ stream5_backend
/streams/MVLD2/ stream5_backend
/streams4k/MVLD2/ stream5_backend
/streams/PTGKD/ stream5_backend
/streams4k/PTGKD/ stream5_backend
/streams/PT7M/ stream5_backend
/streams4k/PT7M/ stream5_backend
/streams/RSAM/ stream5_backend
/streams4k/RSAM/ stream5_backend
/streams/THA1A/ stream5_backend
/streams4k/THA1A/ stream5_backend
/streams/DRN01/ stream5_backend
/streams4k/DRN01/ stream5_backend
/streams/BWWB/ stream6_backend
/streams4k/BWWB/ stream6_backend
/streams/GRDN2/ stream6_backend
/streams4k/GRDN2/ stream6_backend
/streams/JBKXVIIB/ stream6_backend
/streams4k/JBKXVIIB/ stream6_backend
/streams/MVLD3/ stream6_backend
/streams4k/MVLD3/ stream6_backend
/streams/PT1K/ stream6_backend
/streams4k/PT1K/ stream6_backend
/streams/PT9AK/ stream6_backend
/streams4k/PT9AK/ stream6_backend
/streams/RKDJVA/ stream6_backend
/streams4k/RKDJVA/ stream6_backend
/streams/THA1B/ stream6_backend
/streams4k/THA1B/ stream6_backend
/streams/BDGF1/ stream7_backend
/streams4k/BDGF1/ stream7_backend
/streams/GRDN3/ stream7_backend
/streams4k/GRDN3/ stream7_backend
/streams/KLJBK/ stream7_backend
/streams4k/KLJBK/ stream7_backend
/streams/MVLD4/ stream7_backend
/streams4k/MVLD4/ stream7_backend
/streams/PT1MA/ stream7_backend
/streams4k/PT1MA/ stream7_backend
/streams/PT9AM/ stream7_backend
/streams4k/PT9AM/ stream7_backend
/streams/RKDJVB/ stream7_backend
/streams4k/RKDJVB/ stream7_backend
/streams/THA2/ stream7_backend
/streams4k/THA2/ stream7_backend
/streams/EPTU1/ stream10_backend
/streams/ESGNS/ stream10_backend
/streams/OTWA/ stream10_backend
/streams/SGLR/ stream10_backend
/streams/RZAR/ stream10_backend
/streams/PCGN/ stream10_backend
/streams/SLABO/ stream10_backend
/streams/PTU5/ stream10_backend
/streams/PTU8/ stream10_backend
/streams/PTAK6/ stream10_backend
/streams/ICRKEC1/ stream10_backend
/streams/JMOPM2/ stream10_backend
/streams/PBKMM/ stream10_backend
/streams/SGML/ stream10_backend
/streams/WTP1RN/ stream10_backend
/streams/MKL1/ stream10_backend
/streams/PJBK1/ stream11_backend
/streams/SCMO/ stream11_backend
/streams/CKIJI/ stream11_backend
/streams/SGLRN/ stream11_backend
/streams/PTU72/ stream11_backend
/streams/PSKH/ stream11_backend
/streams/IDCR/ stream11_backend
/streams/PSN3/ stream11_backend
/streams/JKIJ5/ stream11_backend
/streams/RKTRC2/ stream11_backend
/streams/ICRKEO1/ stream11_backend
/streams/JMOTL/ stream11_backend
/streams/PSICT/ stream11_backend
/streams/SGMLB/ stream11_backend
/streams/WTP2GP/ stream11_backend
/streams/CSKIJC1/ stream12_backend
/streams/PRLS/ stream12_backend
/streams/ASRM/ stream12_backend
/streams/CKIJS/ stream12_backend
/streams/RKHO/ stream12_backend
/streams/RKRY/ stream12_backend
/streams/CHKR/ stream12_backend
/streams/BKPW/ stream12_backend
/streams/TUPR/ stream12_backend
/streams/PTUKIJ7/ stream12_backend
/streams/ICRKE02/ stream12_backend
/streams/JMOL3L/ stream12_backend
/streams/PJBTNG/ stream12_backend
/streams/UKMB/ stream12_backend
/streams/WTP2CCTVPOS/ stream12_backend
/streams/PTU9/ stream13_backend
/streams/RDLF/ stream13_backend
/streams/PTLNG/ stream13_backend
/streams/MATL/ stream13_backend
/streams/PSN1/ stream13_backend
/streams/TAWN/ stream13_backend
/streams/PTU10/ stream13_backend
/streams/BPW3/ stream13_backend
/streams/JBTNG/ stream13_backend
/streams/GRBP/ stream13_backend
/streams/ICRKEP/ stream13_backend
/streams/JMOL3S/ stream13_backend
/streams/PKDH/ stream13_backend
/streams/UKMP/ stream13_backend
/streams/WTP2RM/ stream13_backend
/streams/DALM/ stream14_backend
/streams/SGMZ/ stream14_backend
/streams/UTMN/ stream14_backend
/streams/BLKT/ stream14_backend
/streams/PTU2/ stream14_backend
/streams/PBLK/ stream14_backend
/streams/PBRR/ stream14_backend
/streams/BUMJ/ stream14_backend
/streams/BDRNS/ stream14_backend
/streams/C2KIJ9/ stream14_backend
/streams/JMODG/ stream14_backend
/streams/JMOSG/ stream14_backend
/streams/PSNIA/ stream14_backend
/streams/WTP1/ stream14_backend
/streams/CCBL2/ stream14_backend
/streams/KM29/ stream15_backend
/streams/YSFU/ stream15_backend
/streams/ETLERL/ stream15_backend
/streams/ARPD/ stream15_backend
/streams/PTKD/ stream15_backend
/streams/PSBMM/ stream15_backend
/streams/MCD/ stream15_backend
/streams/TTKC/ stream15_backend
/streams/STDN/ stream15_backend
/streams/C3KIJ9/ stream15_backend
/streams/JMOPM1/ stream15_backend
/streams/PAVE/ stream15_backend
/streams/PSNIB/ stream15_backend
/streams/WTP1P1/ stream15_backend
/streams/SL1CC/ stream15_backend
/streams4k/EPTU1/ stream10_backend
/streams4k/ESGNS/ stream10_backend
/streams4k/OTWA/ stream10_backend
/streams4k/SGLR/ stream10_backend
/streams4k/RZAR/ stream10_backend
/streams4k/PCGN/ stream10_backend
/streams4k/SLABO/ stream10_backend
/streams4k/PTU5/ stream10_backend
/streams4k/PTU8/ stream10_backend
/streams4k/PTAK6/ stream10_backend
/streams4k/ICRKEC1/ stream10_backend
/streams4k/JMOPM2/ stream10_backend
/streams4k/PBKMM/ stream10_backend
/streams4k/SGML/ stream10_backend
/streams4k/WTP1RN/ stream10_backend
/streams4k/MKL1/ stream10_backend
/streams4k/PJBK1/ stream11_backend
/streams4k/SCMO/ stream11_backend
/streams4k/CKIJI/ stream11_backend
/streams4k/SGLRN/ stream11_backend
/streams4k/PTU72/ stream11_backend
/streams4k/PSKH/ stream11_backend
/streams4k/IDCR/ stream11_backend
/streams4k/PSN3/ stream11_backend
/streams4k/JKIJ5/ stream11_backend
/streams4k/RKTRC2/ stream11_backend
/streams4k/ICRKEO1/ stream11_backend
/streams4k/JMOTL/ stream11_backend
/streams4k/PSICT/ stream11_backend
/streams4k/SGMLB/ stream11_backend
/streams4k/WTP2GP/ stream11_backend
/streams4k/CSKIJC1/ stream12_backend
/streams4k/PRLS/ stream12_backend
/streams4k/ASRM/ stream12_backend
/streams4k/CKIJS/ stream12_backend
/streams4k/RKHO/ stream12_backend
/streams4k/RKRY/ stream12_backend
/streams4k/CHKR/ stream12_backend
/streams4k/BKPW/ stream12_backend
/streams4k/TUPR/ stream12_backend
/streams4k/PTUKIJ7/ stream12_backend
/streams4k/ICRKE02/ stream12_backend
/streams4k/JMOL3L/ stream12_backend
/streams4k/PJBTNG/ stream12_backend
/streams4k/UKMB/ stream12_backend
/streams4k/WTP2CCTVPOS/ stream12_backend
/streams4k/PTU9/ stream13_backend
/streams4k/RDLF/ stream13_backend
/streams4k/PTLNG/ stream13_backend
/streams4k/MATL/ stream13_backend
/streams4k/PSN1/ stream13_backend
/streams4k/TAWN/ stream13_backend
/streams4k/PTU10/ stream13_backend
/streams4k/BPW3/ stream13_backend
/streams4k/JBTNG/ stream13_backend
/streams4k/GRBP/ stream13_backend
/streams4k/ICRKEP/ stream13_backend
/streams4k/JMOL3S/ stream13_backend
/streams4k/PKDH/ stream13_backend
/streams4k/UKMP/ stream13_backend
/streams4k/WTP2RM/ stream13_backend
/streams4k/DALM/ stream14_backend
/streams4k/SGMZ/ stream14_backend
/streams4k/UTMN/ stream14_backend
/streams4k/BLKT/ stream14_backend
/streams4k/PTU2/ stream14_backend
/streams4k/PBLK/ stream14_backend
/streams4k/PBRR/ stream14_backend
/streams4k/BUMJ/ stream14_backend
/streams4k/BDRNS/ stream14_backend
/streams4k/C2KIJ9/ stream14_backend
/streams4k/JMODG/ stream14_backend
/streams4k/JMOSG/ stream14_backend
/streams4k/PSNIA/ stream14_backend
/streams4k/WTP1/ stream14_backend
/streams4k/CCBL2/ stream14_backend
/streams4k/KM29/ stream15_backend
/streams4k/YSFU/ stream15_backend
/streams4k/ETLERL/ stream15_backend
/streams4k/ARPD/ stream15_backend
/streams4k/PTKD/ stream15_backend
/streams4k/PSBMM/ stream15_backend
/streams4k/MCD/ stream15_backend
/streams4k/TTKC/ stream15_backend
/streams4k/STDN/ stream15_backend
/streams4k/C3KIJ9/ stream15_backend
/streams4k/JMOPM1/ stream15_backend
/streams4k/PAVE/ stream15_backend
/streams4k/PSNIB/ stream15_backend
/streams4k/WTP1P1/ stream15_backend
/streams4k/SL1CC/ stream15_backend
/streams4k/PMDL1/ stream11_backend
/streams/PMDL1/ stream11_backend
/streams4k/PMG1/ stream12_backend
/streams/PMG1/ stream12_backend
/streams4k/MRB1/ stream13_backend
/streams/MRB1/ stream13_backend
/streams4k/MSKI/ stream14_backend
/streams/MSKI/ stream14_backend
/streams4k/CCL2L/ stream15_backend
/streams/CCL2L/ stream15_backend
/streams4k/PMCC/ stream10_backend
/streams/PMCC/ stream10_backend
/streams4k/LYL1/ stream11_backend
/streams/LYL1/ stream11_backend

